// Jest Snapshot v1, https://goo.gl/fbAQLP

exports[`App switch to working mode standard 1`] = `
Object {
  "type": "WORKING_MODE_SWITCHER_START",
  "workingMode": "standard",
}
`;
