// Jest Snapshot v1, https://goo.gl/fbAQLP

exports[`App should handle WORKING_MODE_SWITCHER_SUCCESS 1`] = `
Object {
  "workingMode": "WORKING_MODE_STANDARD",
}
`;

exports[`App should return the initial state 1`] = `
Object {
  "workingMode": "WORKING_MODE_STANDARD",
}
`;
